5 == 3: 0
5 != 3: 1
5 == 5: 1
5 < 3: 0
5 > 3: 1
5 <= 3: 0
5 >= 3: 1
5 <= 5: 1
5 >= 5: 1
