x is less than 10
x is less than y
x is not greater than y
