x = 66
x = 16
x = 43981
x = 43981
x = 0
y = 66
y = 3735928559
y = 1311768467294899695
