inside first block: x = 1, y = 42
inside second block: x = 2, y = 42
outside: x = 3, y = 42
