a = 0x01020304 b = 0x05060708 c = 0x090a0b0c
a = 0x0102030405060708 b = 0x090a0b0c0d0e0f10
x = 42 y = 24
a = 0x090a0b0c0d0e0f10 b = 0x0102030405060708
