add: 4.0
sub: 1.0
mul: 3.8
div: 1.7
literals: 0.3
sub2: 6.5
mul2: 3.0
div2: 3.0
