x = 10
x += 5 -> 15
x -= 3 -> 12
arr[1] = 200
arr[1] += 50 -> 250
arr[1] -= 25 -> 225
