(2 + 3) * 4 = 20
2 + (3 * 4) = 14
(8 + 4) / (2 + 1) = 4
((2 + 3) * 4) - 5 = 15
