a = -10, b = 5
a + b = -5
a - b = -15
a * b = -50
a / b = -2
a % b = 0
-a = 10
-b = -5
-(a + b) = 5
