x = -8
y = 8
-(x + y) = 0
(-x) + (-y) = 0
-(-(x)) = -8
