a = -5, b = -10
a > b: 1
a < b: 0
a >= b: 1
a <= b: 0
a == b: 0
a != b: 1
-5 > -10: 1
-10 < -5: 1
-5 == -5: 1
